src/components/items/AddItemDialog.tsx(52,9): error TS2322: Type 'Resolver<{ kodeItem: string; namaItem: string; stock: unknown; satuan: string; hargaPokok: unknown; hargaJual: unknown; barcode?: string | undefined; merek?: string | undefined; mataUang?: string | undefined; }, any, { ...; }>' is not assignable to type 'Resolver<{ kodeItem: string; namaItem: string; stock: number; satuan: string; hargaPokok: number; hargaJual: number; mataUang: string; barcode?: string | undefined; merek?: string | undefined; }, any, { ...; }>'.
  Types of parameters 'options' and 'options' are incompatible.
    Type 'ResolverOptions<{ kodeItem: string; namaItem: string; stock: number; satuan: string; hargaPokok: number; hargaJual: number; mataUang: string; barcode?: string | undefined; merek?: string | undefined; }>' is not assignable to type 'ResolverOptions<{ kodeItem: string; namaItem: string; stock: unknown; satuan: string; hargaPokok: unknown; hargaJual: unknown; barcode?: string | undefined; merek?: string | undefined; mataUang?: string | undefined; }>'.
      Type 'unknown' is not assignable to type 'number'.
src/components/items/AddItemDialog.tsx(96,55): error TS2345: Argument of type '(values: { kodeItem: string; namaItem: string; stock: number; satuan: string; hargaPokok: number; hargaJual: number; mataUang: string; barcode?: string | undefined; merek?: string | undefined; }) => Promise<...>' is not assignable to parameter of type 'SubmitHandler<TFieldValues>'.
  Types of parameters 'values' and 'data' are incompatible.
    Type 'TFieldValues' is not assignable to type '{ kodeItem: string; namaItem: string; stock: number; satuan: string; hargaPokok: number; hargaJual: number; mataUang: string; barcode?: string | undefined; merek?: string | undefined; }'.
      Type 'FieldValues' is missing the following properties from type '{ kodeItem: string; namaItem: string; stock: number; satuan: string; hargaPokok: number; hargaJual: number; mataUang: string; barcode?: string | undefined; merek?: string | undefined; }': kodeItem, namaItem, stock, satuan, and 3 more.
src/components/items/AddItemDialog.tsx(99,33): error TS2322: Type 'Control<{ kodeItem: string; namaItem: string; stock: number; satuan: string; hargaPokok: number; hargaJual: number; mataUang: string; barcode?: string | undefined; merek?: string | undefined; }, any, TFieldValues>' is not assignable to type 'Control<{ kodeItem: string; namaItem: string; stock: number; satuan: string; hargaPokok: number; hargaJual: number; mataUang: string; barcode?: string | undefined; merek?: string | undefined; }, any, { ...; }>'.
  The types of '_options.resolver' are incompatible between these types.
    Type 'Resolver<{ kodeItem: string; namaItem: string; stock: number; satuan: string; hargaPokok: number; hargaJual: number; mataUang: string; barcode?: string | undefined; merek?: string | undefined; }, any, TFieldValues> | undefined' is not assignable to type 'Resolver<{ kodeItem: string; namaItem: string; stock: number; satuan: string; hargaPokok: number; hargaJual: number; mataUang: string; barcode?: string | undefined; merek?: string | undefined; }, any, { ...; }> | undefined'.
      Type 'Resolver<{ kodeItem: string; namaItem: string; stock: number; satuan: string; hargaPokok: number; hargaJual: number; mataUang: string; barcode?: string | undefined; merek?: string | undefined; }, any, TFieldValues>' is not assignable to type 'Resolver<{ kodeItem: string; namaItem: string; stock: number; satuan: string; hargaPokok: number; hargaJual: number; mataUang: string; barcode?: string | undefined; merek?: string | undefined; }, any, { ...; }>'.
        Type 'ResolverResult<{ kodeItem: string; namaItem: string; stock: number; satuan: string; hargaPokok: number; hargaJual: number; mataUang: string; barcode?: string | undefined; merek?: string | undefined; }, TFieldValues> | Promise<...>' is not assignable to type 'ResolverResult<{ kodeItem: string; namaItem: string; stock: number; satuan: string; hargaPokok: number; hargaJual: number; mataUang: string; barcode?: string | undefined; merek?: string | undefined; }, { ...; }> | Promise<...>'.
          Type 'ResolverSuccess<TFieldValues>' is not assignable to type 'ResolverResult<{ kodeItem: string; namaItem: string; stock: number; satuan: string; hargaPokok: number; hargaJual: number; mataUang: string; barcode?: string | undefined; merek?: string | undefined; }, { ...; }> | Promise<...>'.
            Type 'ResolverSuccess<TFieldValues>' is not assignable to type 'ResolverSuccess<{ kodeItem: string; namaItem: string; stock: number; satuan: string; hargaPokok: number; hargaJual: number; mataUang: string; barcode?: string | undefined; merek?: string | undefined; }>'.
              Type 'TFieldValues' is not assignable to type '{ kodeItem: string; namaItem: string; stock: number; satuan: string; hargaPokok: number; hargaJual: number; mataUang: string; barcode?: string | undefined; merek?: string | undefined; }'.
                Type 'FieldValues' is missing the following properties from type '{ kodeItem: string; namaItem: string; stock: number; satuan: string; hargaPokok: number; hargaJual: number; mataUang: string; barcode?: string | undefined; merek?: string | undefined; }': kodeItem, namaItem, stock, satuan, and 3 more.
src/components/items/AddItemDialog.tsx(112,33): error TS2322: Type 'Control<{ kodeItem: string; namaItem: string; stock: number; satuan: string; hargaPokok: number; hargaJual: number; mataUang: string; barcode?: string | undefined; merek?: string | undefined; }, any, TFieldValues>' is not assignable to type 'Control<{ kodeItem: string; namaItem: string; stock: number; satuan: string; hargaPokok: number; hargaJual: number; mataUang: string; barcode?: string | undefined; merek?: string | undefined; }, any, { ...; }>'.
  The types of '_options.resolver' are incompatible between these types.
    Type 'Resolver<{ kodeItem: string; namaItem: string; stock: number; satuan: string; hargaPokok: number; hargaJual: number; mataUang: string; barcode?: string | undefined; merek?: string | undefined; }, any, TFieldValues> | undefined' is not assignable to type 'Resolver<{ kodeItem: string; namaItem: string; stock: number; satuan: string; hargaPokok: number; hargaJual: number; mataUang: string; barcode?: string | undefined; merek?: string | undefined; }, any, { ...; }> | undefined'.
      Type 'Resolver<{ kodeItem: string; namaItem: string; stock: number; satuan: string; hargaPokok: number; hargaJual: number; mataUang: string; barcode?: string | undefined; merek?: string | undefined; }, any, TFieldValues>' is not assignable to type 'Resolver<{ kodeItem: string; namaItem: string; stock: number; satuan: string; hargaPokok: number; hargaJual: number; mataUang: string; barcode?: string | undefined; merek?: string | undefined; }, any, { ...; }>'.
        Type 'ResolverResult<{ kodeItem: string; namaItem: string; stock: number; satuan: string; hargaPokok: number; hargaJual: number; mataUang: string; barcode?: string | undefined; merek?: string | undefined; }, TFieldValues> | Promise<...>' is not assignable to type 'ResolverResult<{ kodeItem: string; namaItem: string; stock: number; satuan: string; hargaPokok: number; hargaJual: number; mataUang: string; barcode?: string | undefined; merek?: string | undefined; }, { ...; }> | Promise<...>'.
          Type 'ResolverSuccess<TFieldValues>' is not assignable to type 'ResolverResult<{ kodeItem: string; namaItem: string; stock: number; satuan: string; hargaPokok: number; hargaJual: number; mataUang: string; barcode?: string | undefined; merek?: string | undefined; }, { ...; }> | Promise<...>'.
            Type 'ResolverSuccess<TFieldValues>' is not assignable to type 'ResolverSuccess<{ kodeItem: string; namaItem: string; stock: number; satuan: string; hargaPokok: number; hargaJual: number; mataUang: string; barcode?: string | undefined; merek?: string | undefined; }>'.
              Type 'TFieldValues' is not assignable to type '{ kodeItem: string; namaItem: string; stock: number; satuan: string; hargaPokok: number; hargaJual: number; mataUang: string; barcode?: string | undefined; merek?: string | undefined; }'.
                Type 'FieldValues' is missing the following properties from type '{ kodeItem: string; namaItem: string; stock: number; satuan: string; hargaPokok: number; hargaJual: number; mataUang: string; barcode?: string | undefined; merek?: string | undefined; }': kodeItem, namaItem, stock, satuan, and 3 more.
src/components/items/AddItemDialog.tsx(127,29): error TS2322: Type 'Control<{ kodeItem: string; namaItem: string; stock: number; satuan: string; hargaPokok: number; hargaJual: number; mataUang: string; barcode?: string | undefined; merek?: string | undefined; }, any, TFieldValues>' is not assignable to type 'Control<{ kodeItem: string; namaItem: string; stock: number; satuan: string; hargaPokok: number; hargaJual: number; mataUang: string; barcode?: string | undefined; merek?: string | undefined; }, any, { ...; }>'.
  The types of '_options.resolver' are incompatible between these types.
    Type 'Resolver<{ kodeItem: string; namaItem: string; stock: number; satuan: string; hargaPokok: number; hargaJual: number; mataUang: string; barcode?: string | undefined; merek?: string | undefined; }, any, TFieldValues> | undefined' is not assignable to type 'Resolver<{ kodeItem: string; namaItem: string; stock: number; satuan: string; hargaPokok: number; hargaJual: number; mataUang: string; barcode?: string | undefined; merek?: string | undefined; }, any, { ...; }> | undefined'.
      Type 'Resolver<{ kodeItem: string; namaItem: string; stock: number; satuan: string; hargaPokok: number; hargaJual: number; mataUang: string; barcode?: string | undefined; merek?: string | undefined; }, any, TFieldValues>' is not assignable to type 'Resolver<{ kodeItem: string; namaItem: string; stock: number; satuan: string; hargaPokok: number; hargaJual: number; mataUang: string; barcode?: string | undefined; merek?: string | undefined; }, any, { ...; }>'.
        Type 'ResolverResult<{ kodeItem: string; namaItem: string; stock: number; satuan: string; hargaPokok: number; hargaJual: number; mataUang: string; barcode?: string | undefined; merek?: string | undefined; }, TFieldValues> | Promise<...>' is not assignable to type 'ResolverResult<{ kodeItem: string; namaItem: string; stock: number; satuan: string; hargaPokok: number; hargaJual: number; mataUang: string; barcode?: string | undefined; merek?: string | undefined; }, { ...; }> | Promise<...>'.
          Type 'ResolverSuccess<TFieldValues>' is not assignable to type 'ResolverResult<{ kodeItem: string; namaItem: string; stock: number; satuan: string; hargaPokok: number; hargaJual: number; mataUang: string; barcode?: string | undefined; merek?: string | undefined; }, { ...; }> | Promise<...>'.
            Type 'ResolverSuccess<TFieldValues>' is not assignable to type 'ResolverSuccess<{ kodeItem: string; namaItem: string; stock: number; satuan: string; hargaPokok: number; hargaJual: number; mataUang: string; barcode?: string | undefined; merek?: string | undefined; }>'.
              Type 'TFieldValues' is not assignable to type '{ kodeItem: string; namaItem: string; stock: number; satuan: string; hargaPokok: number; hargaJual: number; mataUang: string; barcode?: string | undefined; merek?: string | undefined; }'.
                Type 'FieldValues' is missing the following properties from type '{ kodeItem: string; namaItem: string; stock: number; satuan: string; hargaPokok: number; hargaJual: number; mataUang: string; barcode?: string | undefined; merek?: string | undefined; }': kodeItem, namaItem, stock, satuan, and 3 more.
src/components/items/AddItemDialog.tsx(142,33): error TS2322: Type 'Control<{ kodeItem: string; namaItem: string; stock: number; satuan: string; hargaPokok: number; hargaJual: number; mataUang: string; barcode?: string | undefined; merek?: string | undefined; }, any, TFieldValues>' is not assignable to type 'Control<{ kodeItem: string; namaItem: string; stock: number; satuan: string; hargaPokok: number; hargaJual: number; mataUang: string; barcode?: string | undefined; merek?: string | undefined; }, any, { ...; }>'.
  The types of '_options.resolver' are incompatible between these types.
    Type 'Resolver<{ kodeItem: string; namaItem: string; stock: number; satuan: string; hargaPokok: number; hargaJual: number; mataUang: string; barcode?: string | undefined; merek?: string | undefined; }, any, TFieldValues> | undefined' is not assignable to type 'Resolver<{ kodeItem: string; namaItem: string; stock: number; satuan: string; hargaPokok: number; hargaJual: number; mataUang: string; barcode?: string | undefined; merek?: string | undefined; }, any, { ...; }> | undefined'.
      Type 'Resolver<{ kodeItem: string; namaItem: string; stock: number; satuan: string; hargaPokok: number; hargaJual: number; mataUang: string; barcode?: string | undefined; merek?: string | undefined; }, any, TFieldValues>' is not assignable to type 'Resolver<{ kodeItem: string; namaItem: string; stock: number; satuan: string; hargaPokok: number; hargaJual: number; mataUang: string; barcode?: string | undefined; merek?: string | undefined; }, any, { ...; }>'.
        Type 'ResolverResult<{ kodeItem: string; namaItem: string; stock: number; satuan: string; hargaPokok: number; hargaJual: number; mataUang: string; barcode?: string | undefined; merek?: string | undefined; }, TFieldValues> | Promise<...>' is not assignable to type 'ResolverResult<{ kodeItem: string; namaItem: string; stock: number; satuan: string; hargaPokok: number; hargaJual: number; mataUang: string; barcode?: string | undefined; merek?: string | undefined; }, { ...; }> | Promise<...>'.
          Type 'ResolverSuccess<TFieldValues>' is not assignable to type 'ResolverResult<{ kodeItem: string; namaItem: string; stock: number; satuan: string; hargaPokok: number; hargaJual: number; mataUang: string; barcode?: string | undefined; merek?: string | undefined; }, { ...; }> | Promise<...>'.
            Type 'ResolverSuccess<TFieldValues>' is not assignable to type 'ResolverSuccess<{ kodeItem: string; namaItem: string; stock: number; satuan: string; hargaPokok: number; hargaJual: number; mataUang: string; barcode?: string | undefined; merek?: string | undefined; }>'.
              Type 'TFieldValues' is not assignable to type '{ kodeItem: string; namaItem: string; stock: number; satuan: string; hargaPokok: number; hargaJual: number; mataUang: string; barcode?: string | undefined; merek?: string | undefined; }'.
                Type 'FieldValues' is missing the following properties from type '{ kodeItem: string; namaItem: string; stock: number; satuan: string; hargaPokok: number; hargaJual: number; mataUang: string; barcode?: string | undefined; merek?: string | undefined; }': kodeItem, namaItem, stock, satuan, and 3 more.
src/components/items/AddItemDialog.tsx(155,33): error TS2322: Type 'Control<{ kodeItem: string; namaItem: string; stock: number; satuan: string; hargaPokok: number; hargaJual: number; mataUang: string; barcode?: string | undefined; merek?: string | undefined; }, any, TFieldValues>' is not assignable to type 'Control<{ kodeItem: string; namaItem: string; stock: number; satuan: string; hargaPokok: number; hargaJual: number; mataUang: string; barcode?: string | undefined; merek?: string | undefined; }, any, { ...; }>'.
  The types of '_options.resolver' are incompatible between these types.
    Type 'Resolver<{ kodeItem: string; namaItem: string; stock: number; satuan: string; hargaPokok: number; hargaJual: number; mataUang: string; barcode?: string | undefined; merek?: string | undefined; }, any, TFieldValues> | undefined' is not assignable to type 'Resolver<{ kodeItem: string; namaItem: string; stock: number; satuan: string; hargaPokok: number; hargaJual: number; mataUang: string; barcode?: string | undefined; merek?: string | undefined; }, any, { ...; }> | undefined'.
      Type 'Resolver<{ kodeItem: string; namaItem: string; stock: number; satuan: string; hargaPokok: number; hargaJual: number; mataUang: string; barcode?: string | undefined; merek?: string | undefined; }, any, TFieldValues>' is not assignable to type 'Resolver<{ kodeItem: string; namaItem: string; stock: number; satuan: string; hargaPokok: number; hargaJual: number; mataUang: string; barcode?: string | undefined; merek?: string | undefined; }, any, { ...; }>'.
        Type 'ResolverResult<{ kodeItem: string; namaItem: string; stock: number; satuan: string; hargaPokok: number; hargaJual: number; mataUang: string; barcode?: string | undefined; merek?: string | undefined; }, TFieldValues> | Promise<...>' is not assignable to type 'ResolverResult<{ kodeItem: string; namaItem: string; stock: number; satuan: string; hargaPokok: number; hargaJual: number; mataUang: string; barcode?: string | undefined; merek?: string | undefined; }, { ...; }> | Promise<...>'.
          Type 'ResolverSuccess<TFieldValues>' is not assignable to type 'ResolverResult<{ kodeItem: string; namaItem: string; stock: number; satuan: string; hargaPokok: number; hargaJual: number; mataUang: string; barcode?: string | undefined; merek?: string | undefined; }, { ...; }> | Promise<...>'.
            Type 'ResolverSuccess<TFieldValues>' is not assignable to type 'ResolverSuccess<{ kodeItem: string; namaItem: string; stock: number; satuan: string; hargaPokok: number; hargaJual: number; mataUang: string; barcode?: string | undefined; merek?: string | undefined; }>'.
              Type 'TFieldValues' is not assignable to type '{ kodeItem: string; namaItem: string; stock: number; satuan: string; hargaPokok: number; hargaJual: number; mataUang: string; barcode?: string | undefined; merek?: string | undefined; }'.
                Type 'FieldValues' is missing the following properties from type '{ kodeItem: string; namaItem: string; stock: number; satuan: string; hargaPokok: number; hargaJual: number; mataUang: string; barcode?: string | undefined; merek?: string | undefined; }': kodeItem, namaItem, stock, satuan, and 3 more.
src/components/items/AddItemDialog.tsx(168,33): error TS2322: Type 'Control<{ kodeItem: string; namaItem: string; stock: number; satuan: string; hargaPokok: number; hargaJual: number; mataUang: string; barcode?: string | undefined; merek?: string | undefined; }, any, TFieldValues>' is not assignable to type 'Control<{ kodeItem: string; namaItem: string; stock: number; satuan: string; hargaPokok: number; hargaJual: number; mataUang: string; barcode?: string | undefined; merek?: string | undefined; }, any, { ...; }>'.
  The types of '_options.resolver' are incompatible between these types.
    Type 'Resolver<{ kodeItem: string; namaItem: string; stock: number; satuan: string; hargaPokok: number; hargaJual: number; mataUang: string; barcode?: string | undefined; merek?: string | undefined; }, any, TFieldValues> | undefined' is not assignable to type 'Resolver<{ kodeItem: string; namaItem: string; stock: number; satuan: string; hargaPokok: number; hargaJual: number; mataUang: string; barcode?: string | undefined; merek?: string | undefined; }, any, { ...; }> | undefined'.
      Type 'Resolver<{ kodeItem: string; namaItem: string; stock: number; satuan: string; hargaPokok: number; hargaJual: number; mataUang: string; barcode?: string | undefined; merek?: string | undefined; }, any, TFieldValues>' is not assignable to type 'Resolver<{ kodeItem: string; namaItem: string; stock: number; satuan: string; hargaPokok: number; hargaJual: number; mataUang: string; barcode?: string | undefined; merek?: string | undefined; }, any, { ...; }>'.
        Type 'ResolverResult<{ kodeItem: string; namaItem: string; stock: number; satuan: string; hargaPokok: number; hargaJual: number; mataUang: string; barcode?: string | undefined; merek?: string | undefined; }, TFieldValues> | Promise<...>' is not assignable to type 'ResolverResult<{ kodeItem: string; namaItem: string; stock: number; satuan: string; hargaPokok: number; hargaJual: number; mataUang: string; barcode?: string | undefined; merek?: string | undefined; }, { ...; }> | Promise<...>'.
          Type 'ResolverSuccess<TFieldValues>' is not assignable to type 'ResolverResult<{ kodeItem: string; namaItem: string; stock: number; satuan: string; hargaPokok: number; hargaJual: number; mataUang: string; barcode?: string | undefined; merek?: string | undefined; }, { ...; }> | Promise<...>'.
            Type 'ResolverSuccess<TFieldValues>' is not assignable to type 'ResolverSuccess<{ kodeItem: string; namaItem: string; stock: number; satuan: string; hargaPokok: number; hargaJual: number; mataUang: string; barcode?: string | undefined; merek?: string | undefined; }>'.
              Type 'TFieldValues' is not assignable to type '{ kodeItem: string; namaItem: string; stock: number; satuan: string; hargaPokok: number; hargaJual: number; mataUang: string; barcode?: string | undefined; merek?: string | undefined; }'.
                Type 'FieldValues' is missing the following properties from type '{ kodeItem: string; namaItem: string; stock: number; satuan: string; hargaPokok: number; hargaJual: number; mataUang: string; barcode?: string | undefined; merek?: string | undefined; }': kodeItem, namaItem, stock, satuan, and 3 more.
src/components/items/AddItemDialog.tsx(184,33): error TS2322: Type 'Control<{ kodeItem: string; namaItem: string; stock: number; satuan: string; hargaPokok: number; hargaJual: number; mataUang: string; barcode?: string | undefined; merek?: string | undefined; }, any, TFieldValues>' is not assignable to type 'Control<{ kodeItem: string; namaItem: string; stock: number; satuan: string; hargaPokok: number; hargaJual: number; mataUang: string; barcode?: string | undefined; merek?: string | undefined; }, any, { ...; }>'.
  The types of '_options.resolver' are incompatible between these types.
    Type 'Resolver<{ kodeItem: string; namaItem: string; stock: number; satuan: string; hargaPokok: number; hargaJual: number; mataUang: string; barcode?: string | undefined; merek?: string | undefined; }, any, TFieldValues> | undefined' is not assignable to type 'Resolver<{ kodeItem: string; namaItem: string; stock: number; satuan: string; hargaPokok: number; hargaJual: number; mataUang: string; barcode?: string | undefined; merek?: string | undefined; }, any, { ...; }> | undefined'.
      Type 'Resolver<{ kodeItem: string; namaItem: string; stock: number; satuan: string; hargaPokok: number; hargaJual: number; mataUang: string; barcode?: string | undefined; merek?: string | undefined; }, any, TFieldValues>' is not assignable to type 'Resolver<{ kodeItem: string; namaItem: string; stock: number; satuan: string; hargaPokok: number; hargaJual: number; mataUang: string; barcode?: string | undefined; merek?: string | undefined; }, any, { ...; }>'.
        Type 'ResolverResult<{ kodeItem: string; namaItem: string; stock: number; satuan: string; hargaPokok: number; hargaJual: number; mataUang: string; barcode?: string | undefined; merek?: string | undefined; }, TFieldValues> | Promise<...>' is not assignable to type 'ResolverResult<{ kodeItem: string; namaItem: string; stock: number; satuan: string; hargaPokok: number; hargaJual: number; mataUang: string; barcode?: string | undefined; merek?: string | undefined; }, { ...; }> | Promise<...>'.
          Type 'ResolverSuccess<TFieldValues>' is not assignable to type 'ResolverResult<{ kodeItem: string; namaItem: string; stock: number; satuan: string; hargaPokok: number; hargaJual: number; mataUang: string; barcode?: string | undefined; merek?: string | undefined; }, { ...; }> | Promise<...>'.
            Type 'ResolverSuccess<TFieldValues>' is not assignable to type 'ResolverSuccess<{ kodeItem: string; namaItem: string; stock: number; satuan: string; hargaPokok: number; hargaJual: number; mataUang: string; barcode?: string | undefined; merek?: string | undefined; }>'.
              Type 'TFieldValues' is not assignable to type '{ kodeItem: string; namaItem: string; stock: number; satuan: string; hargaPokok: number; hargaJual: number; mataUang: string; barcode?: string | undefined; merek?: string | undefined; }'.
                Type 'FieldValues' is missing the following properties from type '{ kodeItem: string; namaItem: string; stock: number; satuan: string; hargaPokok: number; hargaJual: number; mataUang: string; barcode?: string | undefined; merek?: string | undefined; }': kodeItem, namaItem, stock, satuan, and 3 more.
src/components/items/AddItemDialog.tsx(197,33): error TS2322: Type 'Control<{ kodeItem: string; namaItem: string; stock: number; satuan: string; hargaPokok: number; hargaJual: number; mataUang: string; barcode?: string | undefined; merek?: string | undefined; }, any, TFieldValues>' is not assignable to type 'Control<{ kodeItem: string; namaItem: string; stock: number; satuan: string; hargaPokok: number; hargaJual: number; mataUang: string; barcode?: string | undefined; merek?: string | undefined; }, any, { ...; }>'.
  The types of '_options.resolver' are incompatible between these types.
    Type 'Resolver<{ kodeItem: string; namaItem: string; stock: number; satuan: string; hargaPokok: number; hargaJual: number; mataUang: string; barcode?: string | undefined; merek?: string | undefined; }, any, TFieldValues> | undefined' is not assignable to type 'Resolver<{ kodeItem: string; namaItem: string; stock: number; satuan: string; hargaPokok: number; hargaJual: number; mataUang: string; barcode?: string | undefined; merek?: string | undefined; }, any, { ...; }> | undefined'.
      Type 'Resolver<{ kodeItem: string; namaItem: string; stock: number; satuan: string; hargaPokok: number; hargaJual: number; mataUang: string; barcode?: string | undefined; merek?: string | undefined; }, any, TFieldValues>' is not assignable to type 'Resolver<{ kodeItem: string; namaItem: string; stock: number; satuan: string; hargaPokok: number; hargaJual: number; mataUang: string; barcode?: string | undefined; merek?: string | undefined; }, any, { ...; }>'.
        Type 'ResolverResult<{ kodeItem: string; namaItem: string; stock: number; satuan: string; hargaPokok: number; hargaJual: number; mataUang: string; barcode?: string | undefined; merek?: string | undefined; }, TFieldValues> | Promise<...>' is not assignable to type 'ResolverResult<{ kodeItem: string; namaItem: string; stock: number; satuan: string; hargaPokok: number; hargaJual: number; mataUang: string; barcode?: string | undefined; merek?: string | undefined; }, { ...; }> | Promise<...>'.
          Type 'ResolverSuccess<TFieldValues>' is not assignable to type 'ResolverResult<{ kodeItem: string; namaItem: string; stock: number; satuan: string; hargaPokok: number; hargaJual: number; mataUang: string; barcode?: string | undefined; merek?: string | undefined; }, { ...; }> | Promise<...>'.
            Type 'ResolverSuccess<TFieldValues>' is not assignable to type 'ResolverSuccess<{ kodeItem: string; namaItem: string; stock: number; satuan: string; hargaPokok: number; hargaJual: number; mataUang: string; barcode?: string | undefined; merek?: string | undefined; }>'.
              Type 'TFieldValues' is not assignable to type '{ kodeItem: string; namaItem: string; stock: number; satuan: string; hargaPokok: number; hargaJual: number; mataUang: string; barcode?: string | undefined; merek?: string | undefined; }'.
                Type 'FieldValues' is missing the following properties from type '{ kodeItem: string; namaItem: string; stock: number; satuan: string; hargaPokok: number; hargaJual: number; mataUang: string; barcode?: string | undefined; merek?: string | undefined; }': kodeItem, namaItem, stock, satuan, and 3 more.
